../Core/Src/main.c:65:5:main	168	static
../Core/Src/main.c:173:6:request_medicine	120	static
../Core/Src/main.c:186:6:bluetooth_Event	264	static
../Core/Src/main.c:346:6:HAL_UART_RxCpltCallback	16	static
../Core/Src/main.c:386:1:__io_putchar	16	static
../Core/Src/main.c:395:6:SystemClock_Config	88	static
../Core/Src/main.c:422:13:MX_I2C3_Init	8	static
../Core/Src/main.c:436:13:MX_TIM2_Init	64	static
../Core/Src/main.c:469:13:MX_USART2_UART_Init	8	static
../Core/Src/main.c:482:13:MX_USART6_UART_Init	8	static
../Core/Src/main.c:495:13:MX_GPIO_Init	48	static
../Core/Src/main.c:529:6:Error_Handler	4	static,ignoring_inline_asm
